[
  {
    "Service": "hello_world",
    "State": "running"
  },
  {
    "Service": "hello_world",
    "State": "running"
  },
  {
    "Service": "hello_world2",
    "State": "running"
  }
]
